cd .. && checkpatch.pl -f src/*.c tests/*.c tests/*/*.c
-----------
src/errno.c
-----------
total: 0 errors, 0 warnings, 5 lines checked

src/errno.c has no obvious style problems and is ready for submission.
-------------
src/syscall.c
-------------
total: 0 errors, 0 warnings, 21 lines checked

src/syscall.c has no obvious style problems and is ready for submission.
-------------------
tests/graded_test.c
-------------------
total: 0 errors, 0 warnings, 116 lines checked

tests/graded_test.c has no obvious style problems and is ready for submission.
---------------
tests/test_io.c
---------------
total: 0 errors, 0 warnings, 431 lines checked

tests/test_io.c has no obvious style problems and is ready for submission.
-------------------
tests/test_memory.c
-------------------
total: 0 errors, 0 warnings, 175 lines checked

tests/test_memory.c has no obvious style problems and is ready for submission.
-------------------
tests/test_string.c
-------------------
WARNING:STRCPY: Prefer strscpy over strcpy - see: https://github.com/KSPP/linux/issues/88
#19: FILE: tests/test_string.c:19:
+	strcpy(dst, src);

WARNING:STRCPY: Prefer strscpy over strcpy - see: https://github.com/KSPP/linux/issues/88
#32: FILE: tests/test_string.c:32:
+	strcpy(dst, src);

WARNING:STRCPY: Prefer strscpy over strcpy - see: https://github.com/KSPP/linux/issues/88
#33: FILE: tests/test_string.c:33:
+	strcpy(dst + sizeof(src)-1, src);

WARNING:STRNCPY: Prefer strscpy, strscpy_pad, or __nonstring over strncpy - see: https://github.com/KSPP/linux/issues/90
#46: FILE: tests/test_string.c:46:
+	strncpy(dst, src, 128);

WARNING:STRNCPY: Prefer strscpy, strscpy_pad, or __nonstring over strncpy - see: https://github.com/KSPP/linux/issues/90
#60: FILE: tests/test_string.c:60:
+	strncpy(dst, src, 10);

WARNING:STRCPY: Prefer strscpy over strcpy - see: https://github.com/KSPP/linux/issues/88
#74: FILE: tests/test_string.c:74:
+	strcpy(dst, part1);

WARNING:STRCPY: Prefer strscpy over strcpy - see: https://github.com/KSPP/linux/issues/88
#103: FILE: tests/test_string.c:103:
+	strcpy(dst, part1);

WARNING:STRCPY: Prefer strscpy over strcpy - see: https://github.com/KSPP/linux/issues/88
#119: FILE: tests/test_string.c:119:
+	strcpy(dst, part1);

WARNING:STRCPY: Prefer strscpy over strcpy - see: https://github.com/KSPP/linux/issues/88
#133: FILE: tests/test_string.c:133:
+	strcpy(dst, part1);

total: 0 errors, 9 warnings, 517 lines checked

NOTE: For some of the reported defects, checkpatch may be able to
      mechanically convert to the typical style using --fix or --fix-inplace.

tests/test_string.c has style problems, please review.
----------------
tests/io/fstat.c
----------------
total: 0 errors, 0 warnings, 115 lines checked

tests/io/fstat.c has no obvious style problems and is ready for submission.
--------------------
tests/io/ftruncate.c
--------------------
total: 0 errors, 0 warnings, 29 lines checked

tests/io/ftruncate.c has no obvious style problems and is ready for submission.
----------------
tests/io/lseek.c
----------------
total: 0 errors, 0 warnings, 39 lines checked

tests/io/lseek.c has no obvious style problems and is ready for submission.
---------------------------------
tests/io/open_close_create_file.c
---------------------------------
total: 0 errors, 0 warnings, 24 lines checked

tests/io/open_close_create_file.c has no obvious style problems and is ready for submission.
-----------------------------------
tests/io/open_close_existent_file.c
-----------------------------------
total: 0 errors, 0 warnings, 24 lines checked

tests/io/open_close_existent_file.c has no obvious style problems and is ready for submission.
-------------------------------
tests/io/open_close_read_byte.c
-------------------------------
total: 0 errors, 0 warnings, 33 lines checked

tests/io/open_close_read_byte.c has no obvious style problems and is ready for submission.
------------------------------
tests/io/open_invalid_access.c
------------------------------
total: 0 errors, 0 warnings, 24 lines checked

tests/io/open_invalid_access.c has no obvious style problems and is ready for submission.
---------------------------------
tests/io/open_non_existent_file.c
---------------------------------
total: 0 errors, 0 warnings, 20 lines checked

tests/io/open_non_existent_file.c has no obvious style problems and is ready for submission.
---------------
tests/io/puts.c
---------------
total: 0 errors, 0 warnings, 10 lines checked

tests/io/puts.c has no obvious style problems and is ready for submission.
---------------
tests/io/stat.c
---------------
total: 0 errors, 0 warnings, 106 lines checked

tests/io/stat.c has no obvious style problems and is ready for submission.
-------------------
tests/io/truncate.c
-------------------
total: 0 errors, 0 warnings, 20 lines checked

tests/io/truncate.c has no obvious style problems and is ready for submission.
---------------------
tests/memory/malloc.c
---------------------
total: 0 errors, 0 warnings, 22 lines checked

tests/memory/malloc.c has no obvious style problems and is ready for submission.
--------------------------
tests/memory/malloc_free.c
--------------------------
total: 0 errors, 0 warnings, 23 lines checked

tests/memory/malloc_free.c has no obvious style problems and is ready for submission.
-----------------------------------
tests/memory/malloc_free_sequence.c
-----------------------------------
total: 0 errors, 0 warnings, 33 lines checked

tests/memory/malloc_free_sequence.c has no obvious style problems and is ready for submission.
--------------------------------
tests/memory/malloc_perm_notok.c
--------------------------------
total: 0 errors, 0 warnings, 22 lines checked

tests/memory/malloc_perm_notok.c has no obvious style problems and is ready for submission.
-----------------------------
tests/memory/malloc_perm_ok.c
-----------------------------
total: 0 errors, 0 warnings, 22 lines checked

tests/memory/malloc_perm_ok.c has no obvious style problems and is ready for submission.
-------------------
tests/memory/mmap.c
-------------------
total: 0 errors, 0 warnings, 23 lines checked

tests/memory/mmap.c has no obvious style problems and is ready for submission.
--------------------------
tests/memory/mmap_munmap.c
--------------------------
total: 0 errors, 0 warnings, 25 lines checked

tests/memory/mmap_munmap.c has no obvious style problems and is ready for submission.
-----------------------------
tests/memory/mmap_perm_none.c
-----------------------------
total: 0 errors, 0 warnings, 24 lines checked

tests/memory/mmap_perm_none.c has no obvious style problems and is ready for submission.
------------------------------
tests/memory/mmap_perm_notok.c
------------------------------
total: 0 errors, 0 warnings, 20 lines checked

tests/memory/mmap_perm_notok.c has no obvious style problems and is ready for submission.
---------------------------
tests/memory/mmap_perm_ok.c
---------------------------
total: 0 errors, 0 warnings, 20 lines checked

tests/memory/mmap_perm_ok.c has no obvious style problems and is ready for submission.
------------------------------
tests/memory/multiple_malloc.c
------------------------------
total: 0 errors, 0 warnings, 30 lines checked

tests/memory/multiple_malloc.c has no obvious style problems and is ready for submission.
-----------------------------------
tests/memory/multiple_malloc_free.c
-----------------------------------
total: 0 errors, 0 warnings, 34 lines checked

tests/memory/multiple_malloc_free.c has no obvious style problems and is ready for submission.
-------------------------
tests/process/nanosleep.c
-------------------------
total: 0 errors, 0 warnings, 14 lines checked

tests/process/nanosleep.c has no obvious style problems and is ready for submission.
---------------------
tests/process/sleep.c
---------------------
total: 0 errors, 0 warnings, 10 lines checked

tests/process/sleep.c has no obvious style problems and is ready for submission.

NOTE: Ignored message types: ARRAY_SIZE AVOID_EXTERNS C99_COMMENTS EMAIL_SUBJECT ENOSYS FILE_PATH_CHANGES GIT_COMMIT_ID NEW_TYPEDEFS SYMBOLIC_PERMS

NOTE: If any of the errors are false positives, please report
      them to the maintainer, see CHECKPATCH in MAINTAINERS.
make: [Makefile:45: lint] Error 1 (ignored)
cd .. && checkpatch.pl -f checker/*.sh tests/*.sh
------------------
checker/checker.sh
------------------
total: 0 errors, 0 warnings, 11 lines checked

checker/checker.sh has no obvious style problems and is ready for submission.
--------------
tests/grade.sh
--------------
total: 0 errors, 0 warnings, 136 lines checked

tests/grade.sh has no obvious style problems and is ready for submission.
------------------------
tests/graded_test.inc.sh
------------------------
total: 0 errors, 0 warnings, 41 lines checked

tests/graded_test.inc.sh has no obvious style problems and is ready for submission.
----------------------
tests/run_all_tests.sh
----------------------
total: 0 errors, 0 warnings, 43 lines checked

tests/run_all_tests.sh has no obvious style problems and is ready for submission.
-------------------
tests/test_fstat.sh
-------------------
total: 0 errors, 0 warnings, 40 lines checked

tests/test_fstat.sh has no obvious style problems and is ready for submission.
-----------------------
tests/test_ftruncate.sh
-----------------------
total: 0 errors, 0 warnings, 46 lines checked

tests/test_ftruncate.sh has no obvious style problems and is ready for submission.
----------------------------
tests/test_io_file_create.sh
----------------------------
total: 0 errors, 0 warnings, 16 lines checked

tests/test_io_file_create.sh has no obvious style problems and is ready for submission.
----------------------------
tests/test_io_file_delete.sh
----------------------------
total: 0 errors, 0 warnings, 17 lines checked

tests/test_io_file_delete.sh has no obvious style problems and is ready for submission.
-------------------
tests/test_lseek.sh
-------------------
total: 0 errors, 0 warnings, 40 lines checked

tests/test_lseek.sh has no obvious style problems and is ready for submission.
--------------------
tests/test_malloc.sh
--------------------
total: 0 errors, 0 warnings, 56 lines checked

tests/test_malloc.sh has no obvious style problems and is ready for submission.
-------------------------
tests/test_malloc_free.sh
-------------------------
total: 0 errors, 0 warnings, 68 lines checked

tests/test_malloc_free.sh has no obvious style problems and is ready for submission.
----------------------------------
tests/test_malloc_free_sequence.sh
----------------------------------
total: 0 errors, 0 warnings, 56 lines checked

tests/test_malloc_free_sequence.sh has no obvious style problems and is ready for submission.
-------------------------------
tests/test_malloc_perm_notok.sh
-------------------------------
total: 0 errors, 0 warnings, 47 lines checked

tests/test_malloc_perm_notok.sh has no obvious style problems and is ready for submission.
----------------------------
tests/test_malloc_perm_ok.sh
----------------------------
total: 0 errors, 0 warnings, 47 lines checked

tests/test_malloc_perm_ok.sh has no obvious style problems and is ready for submission.
------------------
tests/test_mmap.sh
------------------
total: 0 errors, 0 warnings, 50 lines checked

tests/test_mmap.sh has no obvious style problems and is ready for submission.
-------------------------
tests/test_mmap_munmap.sh
-------------------------
total: 0 errors, 0 warnings, 50 lines checked

tests/test_mmap_munmap.sh has no obvious style problems and is ready for submission.
----------------------------
tests/test_mmap_perm_none.sh
----------------------------
total: 0 errors, 0 warnings, 41 lines checked

tests/test_mmap_perm_none.sh has no obvious style problems and is ready for submission.
-----------------------------
tests/test_mmap_perm_notok.sh
-----------------------------
total: 0 errors, 0 warnings, 41 lines checked

tests/test_mmap_perm_notok.sh has no obvious style problems and is ready for submission.
--------------------------
tests/test_mmap_perm_ok.sh
--------------------------
total: 0 errors, 0 warnings, 41 lines checked

tests/test_mmap_perm_ok.sh has no obvious style problems and is ready for submission.
-----------------------------
tests/test_multiple_malloc.sh
-----------------------------
total: 0 errors, 0 warnings, 56 lines checked

tests/test_multiple_malloc.sh has no obvious style problems and is ready for submission.
----------------------------------
tests/test_multiple_malloc_free.sh
----------------------------------
total: 0 errors, 0 warnings, 56 lines checked

tests/test_multiple_malloc_free.sh has no obvious style problems and is ready for submission.
-----------------------
tests/test_nanosleep.sh
-----------------------
total: 0 errors, 0 warnings, 46 lines checked

tests/test_nanosleep.sh has no obvious style problems and is ready for submission.
------------------------
tests/test_open_close.sh
------------------------
total: 0 errors, 0 warnings, 79 lines checked

tests/test_open_close.sh has no obvious style problems and is ready for submission.
------------------
tests/test_puts.sh
------------------
total: 0 errors, 0 warnings, 38 lines checked

tests/test_puts.sh has no obvious style problems and is ready for submission.
-------------------
tests/test_sleep.sh
-------------------
total: 0 errors, 0 warnings, 52 lines checked

tests/test_sleep.sh has no obvious style problems and is ready for submission.
------------------
tests/test_stat.sh
------------------
total: 0 errors, 0 warnings, 41 lines checked

tests/test_stat.sh has no obvious style problems and is ready for submission.
----------------------
tests/test_truncate.sh
----------------------
total: 0 errors, 0 warnings, 46 lines checked

tests/test_truncate.sh has no obvious style problems and is ready for submission.

NOTE: Ignored message types: ARRAY_SIZE AVOID_EXTERNS C99_COMMENTS EMAIL_SUBJECT ENOSYS FILE_PATH_CHANGES GIT_COMMIT_ID NEW_TYPEDEFS SYMBOLIC_PERMS
cd .. && cpplint --recursive src/ tests/ checker/
/bin/sh: 1: cpplint: not found
make: [Makefile:47: lint] Error 127 (ignored)
cd .. && shellcheck checker/*.sh tests/*.sh
/bin/sh: 1: shellcheck: not found
make: [Makefile:48: lint] Error 127 (ignored)
